// Jest Snapshot v1, https://goo.gl/fbAQLP

exports[`Header should match snapshot 1`] = `
<div
  className="breadcrumb"
>
  <span
    className="breadcrumb-item"
  >
    The
  </span>
  <span
    className="breadcrumb-item"
  >
    categories
  </span>
</div>
`;
